Resolving dependencies...
Downloading packages...
  _fe_analyzer_shared 108.0.0 (109.0.0 available)
  analyzer 14.4.0 (14.5.0 available)
  android_file_picker 1.1.1 (2.0.1 available)
  archive 3.6.1 (4.3.0 available)
  build_runner 2.16.1 (2.16.2 available)
  built_collection 5.1.1 (5.1.2 available)
  cli_util 0.5.2 (0.6.0 available)
  code_assets 1.2.1 (2.1.0 available)
  cross_file 0.3.5+5 (0.4.0 available)
  cupertino_icons 1.0.9 (2.0.0 available)
  dbus 0.7.15 (0.8.0 available)
  drift 2.35.0 (2.35.2 available)
  drift_dev 2.35.0 (2.35.1 available)
  equatable 2.1.0 (3.0.0 available)
  file_picker 12.3.0 (13.1.0 available)
  file_picker_darwin 1.2.0 (2.1.3 available)
  file_picker_linux 1.1.0 (2.0.2 available)
  file_picker_platform_interface 3.4.0 (4.0.0 available)
  file_picker_web 3.1.0 (4.0.1 available)
  flutter_local_notifications 19.5.0 (22.3.1 available)
  flutter_local_notifications_linux 6.0.0 (8.0.1 available)
  flutter_local_notifications_platform_interface 9.1.0 (12.2.0 available)
  flutter_local_notifications_windows 1.0.3 (3.1.1 available)
  flutter_riverpod 2.6.1 (3.4.3 available)
  flutter_timezone 5.1.0 (5.1.1 available)
  go_router 16.3.0 (18.0.2 available)
  hooks 2.0.2 (2.2.0 available)
  image_picker 1.2.3 (1.2.4 available)
  image_picker_android 0.8.13+23 (0.8.13+25 available)
  image_picker_ios 0.8.13+8 (0.8.13+9 available)
  image_picker_platform_interface 2.11.1 (2.11.2 available)
  jni 1.0.3 (1.1.0 available)
  jni_flutter 1.0.3 (1.0.4+1 available)
  material_color_utilities 0.13.0 (0.13.1 available)
  meta 1.18.3 (1.19.0 available)
  native_toolchain_c 0.19.2 (0.19.5 available)
  objective_c 9.5.0 (9.6.2 available)
  petitparser 7.0.2 (7.1.0 available)
  record_use 0.6.0 (1.1.1 available)
  riverpod 2.6.1 (3.4.3 available)
  sqlite3 3.5.2 (3.7.0 available)
  test_api 0.7.12 (0.7.14 available)
  timezone 0.10.1 (0.11.1 available)
  url_launcher 6.3.2 (6.3.3 available)
  vector_math 2.4.0 (2.4.3 available)
  windows_file_picker 1.3.0 (2.0.1 available)
  xml 6.6.1 (7.1.0 available)
Got dependencies!
47 packages have newer versions incompatible with dependency constraints.
Try `flutter pub outdated` for more information.
Running Gradle task 'assembleDebug'...                          
WARNING: Your app uses the following plugins that apply Kotlin Gradle Plugin (KGP): flutter_timezone
Future versions of Flutter will fail to build if your app uses plugins that apply KGP.

Please check the changelogs of these plugins and upgrade to a version that supports Built-in Kotlin.
If no such version exists, report the issue to the plugin. If necessary, here is a guide on filing
an issue against a plugin: https://docs.flutter.dev/release/breaking-changes/migrate-to-built-in-kotlin/for-app-developers#report-incompatible-kotlin-gradle-plugin-usage-to-plugin-authors

If you are a plugin author, please migrate your plugin to Built-in Kotlin using this guide: https://docs.flutter.dev/release/breaking-changes/migrate-to-built-in-kotlin/for-plugin-authors
Warning: SDK processing. This version only understands SDK XML versions up to 3 but an SDK XML file of version 4 was encountered. This can happen if you use versions of Android Studio and the command-line tools that were released at different times.
Running Gradle task 'assembleDebug'...                             32.0s
√ Built build\app\outputs\flutter-apk\app-debug.apk
