00:00 +0: loading D:/YoloList/QingSongBan/test/ui_refactor_interaction_test.dart
00:00 +0: D:/YoloList/QingSongBan/test/ui_refactor_interaction_test.dart: half-day save and retry at Size(375.0, 844.0), scale 2.0
00:01 +1: D:/YoloList/QingSongBan/test/ui_refactor_interaction_test.dart: half-day save and retry at Size(844.0, 390.0), scale 1.0
00:01 +2: D:/YoloList/QingSongBan/test/ui_refactor_interaction_test.dart: reports remember a separate month for each module
00:02 +3: D:/YoloList/QingSongBan/test/ui_refactor_interaction_test.dart: vehicle panel filters reminders by the linked vehicle
00:02 +4: D:/YoloList/QingSongBan/test/ui_refactor_interaction_test.dart: personnel no-match state clears the input and filters
00:02 +5: loading D:/YoloList/QingSongBan/test/widget_test.dart
00:03 +5: D:/YoloList/QingSongBan/test/widget_test.dart: starts on the overview with four primary destinations
00:04 +6: D:/YoloList/QingSongBan/test/widget_test.dart: counts only real attendance, leave, and upcoming reminder records on home
00:04 +7: D:/YoloList/QingSongBan/test/widget_test.dart: shows the home shortcuts
00:04 +8: D:/YoloList/QingSongBan/test/widget_test.dart: shows the pending reminder card in the first 411dp viewport
00:04 +9: D:/YoloList/QingSongBan/test/widget_test.dart: opens vehicle management from the home shortcuts
00:05 +10: D:/YoloList/QingSongBan/test/widget_test.dart: opens vehicle condition and repair tabs
00:06 +11: D:/YoloList/QingSongBan/test/widget_test.dart: opens vehicle fuel summary and attachment pages
00:07 +12: D:/YoloList/QingSongBan/test/widget_test.dart: navigates from every home dashboard metric
00:07 +13: D:/YoloList/QingSongBan/test/widget_test.dart: opens each processing task at its actual business destination

Warning: A call to tap() with finder "Found 1 widget with text "处理": [
  Text("处理", dependencies: [DefaultSelectionStyle, DefaultTextStyle, MediaQuery]),
]" derived an Offset (Offset(112.0, -333.0)) that would not hit test on the specified widget.
Maybe the widget is actually off-screen, or another widget is obscuring it, or the widget cannot receive pointer events.
Indeed, Offset(112.0, -333.0) is outside the bounds of the root of the render tree, Size(800.0, 600.0).
The finder corresponds to this RenderBox: RenderParagraph#011cd relayoutBoundary=up1
The hit test result at that offset is: HitTestResult(HitTestEntry<HitTestTarget>#e4a74(_ReusableRenderView#fea72), HitTestEntry<HitTestTarget>#33cfd(<AutomatedTestWidgetsFlutterBinding>))
#0      WidgetController._getElementPoint (package:flutter_test/src/controller.dart:2165:25)
#1      WidgetController.getCenter (package:flutter_test/src/controller.dart:1947:12)
#2      WidgetController.tap (package:flutter_test/src/controller.dart:1080:7)
#3      main.<anonymous closure> (file:///D:/YoloList/QingSongBan/test/widget_test.dart:514:20)
<asynchronous suspension>
#4      main.widgetTest.<anonymous closure> (file:///D:/YoloList/QingSongBan/test/widget_test.dart:52:9)
<asynchronous suspension>
#5      testWidgets.<anonymous closure>.<anonymous closure> (package:flutter_test/src/widget_tester.dart:192:15)
<asynchronous suspension>
#6      TestWidgetsFlutterBinding._runTestBody (package:flutter_test/src/binding.dart:1953:5)
<asynchronous suspension>
#7      StackZoneSpecification._registerCallback.<anonymous closure> (package:stack_trace/src/stack_zone_specification.dart:114:42)
<asynchronous suspension>
To silence this warning, pass "warnIfMissed: false" to "tap()".
To make this warning fatal, set WidgetController.hitTestWarningShouldBeFatal to true.


Warning: A call to tap() with finder "Found 1 widget with text "处理": [
  Text("处理", dependencies: [DefaultSelectionStyle, DefaultTextStyle, MediaQuery]),
]" derived an Offset (Offset(112.0, -382.0)) that would not hit test on the specified widget.
Maybe the widget is actually off-screen, or another widget is obscuring it, or the widget cannot receive pointer events.
Indeed, Offset(112.0, -382.0) is outside the bounds of the root of the render tree, Size(800.0, 600.0).
The finder corresponds to this RenderBox: RenderParagraph#011cd relayoutBoundary=up1
The hit test result at that offset is: HitTestResult(HitTestEntry<HitTestTarget>#72e81(_ReusableRenderView#fea72), HitTestEntry<HitTestTarget>#3057b(<AutomatedTestWidgetsFlutterBinding>))
#0      WidgetController._getElementPoint (package:flutter_test/src/controller.dart:2165:25)
#1      WidgetController.getCenter (package:flutter_test/src/controller.dart:1947:12)
#2      WidgetController.tap (package:flutter_test/src/controller.dart:1080:7)
#3      main.<anonymous closure> (file:///D:/YoloList/QingSongBan/test/widget_test.dart:514:20)
<asynchronous suspension>
#4      main.widgetTest.<anonymous closure> (file:///D:/YoloList/QingSongBan/test/widget_test.dart:52:9)
<asynchronous suspension>
#5      testWidgets.<anonymous closure>.<anonymous closure> (package:flutter_test/src/widget_tester.dart:192:15)
<asynchronous suspension>
#6      TestWidgetsFlutterBinding._runTestBody (package:flutter_test/src/binding.dart:1953:5)
<asynchronous suspension>
#7      StackZoneSpecification._registerCallback.<anonymous closure> (package:stack_trace/src/stack_zone_specification.dart:114:42)
<asynchronous suspension>
To silence this warning, pass "warnIfMissed: false" to "tap()".
To make this warning fatal, set WidgetController.hitTestWarningShouldBeFatal to true.


Warning: A call to tap() with finder "Found 1 widget with text "处理": [
  Text("处理", dependencies: [DefaultSelectionStyle, DefaultTextStyle, MediaQuery]),
]" derived an Offset (Offset(112.0, -431.0)) that would not hit test on the specified widget.
Maybe the widget is actually off-screen, or another widget is obscuring it, or the widget cannot receive pointer events.
Indeed, Offset(112.0, -431.0) is outside the bounds of the root of the render tree, Size(800.0, 600.0).
The finder corresponds to this RenderBox: RenderParagraph#011cd relayoutBoundary=up1
The hit test result at that offset is: HitTestResult(HitTestEntry<HitTestTarget>#ad03e(_ReusableRenderView#fea72), HitTestEntry<HitTestTarget>#59409(<AutomatedTestWidgetsFlutterBinding>))
#0      WidgetController._getElementPoint (package:flutter_test/src/controller.dart:2165:25)
#1      WidgetController.getCenter (package:flutter_test/src/controller.dart:1947:12)
#2      WidgetController.tap (package:flutter_test/src/controller.dart:1080:7)
#3      main.<anonymous closure> (file:///D:/YoloList/QingSongBan/test/widget_test.dart:514:20)
<asynchronous suspension>
#4      main.widgetTest.<anonymous closure> (file:///D:/YoloList/QingSongBan/test/widget_test.dart:52:9)
<asynchronous suspension>
#5      testWidgets.<anonymous closure>.<anonymous closure> (package:flutter_test/src/widget_tester.dart:192:15)
<asynchronous suspension>
#6      TestWidgetsFlutterBinding._runTestBody (package:flutter_test/src/binding.dart:1953:5)
<asynchronous suspension>
#7      StackZoneSpecification._registerCallback.<anonymous closure> (package:stack_trace/src/stack_zone_specification.dart:114:42)
<asynchronous suspension>
To silence this warning, pass "warnIfMissed: false" to "tap()".
To make this warning fatal, set WidgetController.hitTestWarningShouldBeFatal to true.

00:08 +14: D:/YoloList/QingSongBan/test/widget_test.dart: switches between all four primary tabs
00:08 +15: D:/YoloList/QingSongBan/test/widget_test.dart: navigates personnel overview cards to filtered lists
00:09 +16: D:/YoloList/QingSongBan/test/widget_test.dart: filters personnel by the requested hire month using database rows
00:09 +17: D:/YoloList/QingSongBan/test/widget_test.dart: filters personnel by a real attendance group and keeps the add FAB circular
00:09 +18: D:/YoloList/QingSongBan/test/widget_test.dart: uses the selected reference component baseline
00:10 +19: D:/YoloList/QingSongBan/test/widget_test.dart: creates and edits a personnel record
00:11 +20: D:/YoloList/QingSongBan/test/widget_test.dart: creates an attendance group and opens its detail page
00:11 +21: D:/YoloList/QingSongBan/test/widget_test.dart: opens the monthly roster from the attendance tab
00:11 +22: D:/YoloList/QingSongBan/test/widget_test.dart: opens monthly summary and exposes direct Excel export
00:11 +23: D:/YoloList/QingSongBan/test/widget_test.dart: opens the employee attachment center from personnel detail
00:12 +24: D:/YoloList/QingSongBan/test/widget_test.dart: opens daily attendance with selectors and empty state
00:12 +25: D:/YoloList/QingSongBan/test/widget_test.dart: opens the monthly attendance table with an empty roster
00:12 +26: D:/YoloList/QingSongBan/test/widget_test.dart: opens the leave page with an empty state
00:12 +27: D:/YoloList/QingSongBan/test/widget_test.dart: creates a leave record from the leave form
00:13 +28: D:/YoloList/QingSongBan/test/widget_test.dart: opens the overtime page with an empty state
00:13 +29: D:/YoloList/QingSongBan/test/widget_test.dart: opens the insurance page from home processing
00:13 +30: D:/YoloList/QingSongBan/test/widget_test.dart: opens Excel import and export from settings
00:13 +31: D:/YoloList/QingSongBan/test/widget_test.dart: opens local reminders from settings
00:14 +32: D:/YoloList/QingSongBan/test/widget_test.dart: opens backup and restore from settings
00:14 +33: D:/YoloList/QingSongBan/test/widget_test.dart: opens operation logs from settings
00:14 +34: D:/YoloList/QingSongBan/test/widget_test.dart: renders month cells and opens the cell editor
00:14 +35: D:/YoloList/QingSongBan/test/widget_test.dart: shows monthly roster selectors and an empty state for a group
00:15 +36: D:/YoloList/QingSongBan/test/widget_test.dart: assigns a default attendance group from the personnel form
00:15 +37: loading D:/YoloList/QingSongBan/test/vehicles/fuel_and_expense_repository_test.dart
00:16 +37: D:/YoloList/QingSongBan/test/vehicles/fuel_and_expense_repository_test.dart: saves one monthly fuel record and calculates annual summary
00:16 +38: D:/YoloList/QingSongBan/test/vehicles/fuel_and_expense_repository_test.dart: expense aggregation uses completed repair actual amount once
00:16 +39: D:/YoloList/QingSongBan/test/vehicles/fuel_and_expense_repository_test.dart: fuel anomaly checks recent average without changing source records
00:16 +40: D:/YoloList/QingSongBan/test/vehicles/fuel_and_expense_repository_test.dart: child updates cannot cross vehicle ownership boundaries
00:16 +41: loading D:/YoloList/QingSongBan/test/vehicles/fuel_year_summary_service_test.dart
00:16 +41: D:/YoloList/QingSongBan/test/vehicles/fuel_year_summary_service_test.dart: builds a twelve-month pivot and excludes never-used scrapped vehicles
00:16 +42: D:/YoloList/QingSongBan/test/vehicles/fuel_year_summary_service_test.dart: soft-deleted month is restored instead of duplicated on re-entry
00:16 +43: loading D:/YoloList/QingSongBan/test/vehicles/maintenance_repository_test.dart
00:17 +43: D:/YoloList/QingSongBan/test/vehicles/maintenance_repository_test.dart: calculates calendar due dates without overflowing short months
00:17 +44: D:/YoloList/QingSongBan/test/vehicles/maintenance_repository_test.dart: seeds maintenance items, updates due status, and syncs reminder
00:17 +45: D:/YoloList/QingSongBan/test/vehicles/maintenance_repository_test.dart: records service costs and preserves component lifecycle usage days
00:17 +46: loading D:/YoloList/QingSongBan/test/vehicles/repair_pages_test.dart
00:18 +46: D:/YoloList/QingSongBan/test/vehicles/repair_pages_test.dart: repair list opens detail and saves settlement marker
00:19 +47: D:/YoloList/QingSongBan/test/vehicles/repair_pages_test.dart: repair list filters apply, reset, and discard temporary edits
00:20 +48: D:/YoloList/QingSongBan/test/vehicles/repair_pages_test.dart: repair list cards fit narrow screens without overflow
00:20 +49: loading D:/YoloList/QingSongBan/test/vehicles/repair_repository_test.dart
00:21 +49: D:/YoloList/QingSongBan/test/vehicles/repair_repository_test.dart: calculates repair totals from cost items and generates record text
00:21 +50: D:/YoloList/QingSongBan/test/vehicles/repair_repository_test.dart: editing a repair replaces active cost rows and status flows to repairing
00:21 +51: D:/YoloList/QingSongBan/test/vehicles/repair_repository_test.dart: completion and cancellation recalculate vehicle status
00:21 +52: D:/YoloList/QingSongBan/test/vehicles/repair_repository_test.dart: business markers update without replacing costs or parts
00:21 +53: D:/YoloList/QingSongBan/test/vehicles/repair_repository_test.dart: stopped and scrapped vehicles keep their manual strong state
00:21 +54: loading D:/YoloList/QingSongBan/test/vehicles/vehicle_condition_and_tire_repository_test.dart
00:21 +54: D:/YoloList/QingSongBan/test/vehicles/vehicle_condition_and_tire_repository_test.dart: keeps condition history while replacing the current item
00:22 +55: D:/YoloList/QingSongBan/test/vehicles/vehicle_condition_and_tire_repository_test.dart: relocates tires in one transaction and preserves cumulative usage
00:22 +56: D:/YoloList/QingSongBan/test/vehicles/vehicle_condition_and_tire_repository_test.dart: records a repair and increments the tire repair count
00:22 +57: loading D:/YoloList/QingSongBan/test/vehicles/vehicle_detail_tabs_test.dart
00:22 +57: D:/YoloList/QingSongBan/test/vehicles/vehicle_detail_tabs_test.dart: vehicle detail preserves reference tab order and title
00:24 +58: loading D:/YoloList/QingSongBan/test/vehicles/vehicle_export_attachment_test.dart
00:24 +58: D:/YoloList/QingSongBan/test/vehicles/vehicle_export_attachment_test.dart: vehicle attachment resolves from the backed-up relative path
00:25 +59: D:/YoloList/QingSongBan/test/vehicles/vehicle_export_attachment_test.dart: vehicle attachments cannot reference another vehicle repair order
00:25 +60: D:/YoloList/QingSongBan/test/vehicles/vehicle_export_attachment_test.dart: same-name vehicle attachments keep independent physical files
00:25 +61: D:/YoloList/QingSongBan/test/vehicles/vehicle_export_attachment_test.dart: scans missing and orphan vehicle attachment files
00:25 +62: D:/YoloList/QingSongBan/test/vehicles/vehicle_export_attachment_test.dart: exports vehicle workbook bytes without creating a manual expense table
00:25 +63: loading D:/YoloList/QingSongBan/test/vehicles/vehicle_pages_visual_test.dart
00:25 +63: D:/YoloList/QingSongBan/test/vehicles/vehicle_pages_visual_test.dart: vehicle metrics stay in one row at phone width
00:26 +64: D:/YoloList/QingSongBan/test/vehicles/vehicle_pages_visual_test.dart: archive shows vehicle identity and metadata
00:27 +65: D:/YoloList/QingSongBan/test/vehicles/vehicle_pages_visual_test.dart: archive filters the live list by work area
00:27 +66: D:/YoloList/QingSongBan/test/vehicles/vehicle_pages_visual_test.dart: expense page renders trend and composition from records
00:27 +67: D:/YoloList/QingSongBan/test/vehicles/vehicle_pages_visual_test.dart: inline fuel entry saves the selected month
00:28 +68: D:/YoloList/QingSongBan/test/vehicles/vehicle_pages_visual_test.dart: vehicle reminder center shows linked vehicle reminders
00:28 +69: loading D:/YoloList/QingSongBan/test/vehicles/vehicle_page_layout_test.dart
00:28 +69: D:/YoloList/QingSongBan/test/vehicles/vehicle_page_layout_test.dart: vehicle dashboard uses reference grid at 411dp
00:29 +70: D:/YoloList/QingSongBan/test/vehicles/vehicle_page_layout_test.dart: vehicle dashboard uses reference grid at 390dp
00:29 +71: D:/YoloList/QingSongBan/test/vehicles/vehicle_page_layout_test.dart: vehicle dashboard uses reference grid at 320dp
00:30 +72: loading D:/YoloList/QingSongBan/test/vehicles/vehicle_reminder_navigation_test.dart
00:30 +72: D:/YoloList/QingSongBan/test/vehicles/vehicle_reminder_navigation_test.dart: vehicle reminder rules open without a navigator error
00:32 +73: loading D:/YoloList/QingSongBan/test/vehicles/vehicle_repair_routes_test.dart
00:32 +73: D:/YoloList/QingSongBan/test/vehicles/vehicle_repair_routes_test.dart: vehicle repair routes open list, real detail, and edit form
00:34 +74: loading D:/YoloList/QingSongBan/test/vehicles/vehicle_repository_test.dart
00:34 +74: D:/YoloList/QingSongBan/test/vehicles/vehicle_repository_test.dart: saves and filters a vehicle archive
00:34 +75: D:/YoloList/QingSongBan/test/vehicles/vehicle_repository_test.dart: updates and soft deletes a vehicle without losing its archive
00:34 +76: D:/YoloList/QingSongBan/test/vehicles/vehicle_repository_test.dart: enforces unique vehicle number
00:34 +77: loading D:/YoloList/QingSongBan/test/vehicles/vehicle_visual_atlas_test.dart
00:35 +77: D:/YoloList/QingSongBan/test/vehicles/vehicle_visual_atlas_test.dart: vehicle atlas mapping all four views crop the documented atlas quadrant
00:35 +78: D:/YoloList/QingSongBan/test/vehicles/vehicle_visual_atlas_test.dart: vehicle atlas mapping visible wheel nodes use driver-side wheel identities per view
00:35 +79: D:/YoloList/QingSongBan/test/vehicles/vehicle_visual_atlas_test.dart: vehicle atlas mapping short atlas canvas keeps every tappable node inside its bounds
00:35 +80: D:/YoloList/QingSongBan/test/vehicles/vehicle_visual_atlas_test.dart: vehicle atlas mapping condition lookup requires both type and exact component key
00:35 +81: D:/YoloList/QingSongBan/test/vehicles/vehicle_visual_atlas_test.dart: vehicle atlas mapping missing condition or tire records remain unknown, not normal
00:35 +82: D:/YoloList/QingSongBan/test/vehicles/vehicle_visual_atlas_test.dart: atlas loads and each swipe advances one view at phone widths
00:36 +83: loading D:/YoloList/QingSongBan/test/attendance/daily_overtime_month_test.dart
00:36 +83: D:/YoloList/QingSongBan/test/attendance/daily_overtime_month_test.dart: daily attendance requests the selected month and shows only that day's overtime
00:37 +84: loading D:/YoloList/QingSongBan/test/reminders/reminder_repository_test.dart
00:38 +84: D:/YoloList/QingSongBan/test/reminders/reminder_repository_test.dart: saves business reminder settings without duplicates
00:38 +85: D:/YoloList/QingSongBan/test/reminders/reminder_repository_test.dart: saves, completes, and soft deletes a custom reminder
00:38 +86: D:/YoloList/QingSongBan/test/reminders/reminder_repository_test.dart: creates occurrences, alert rules, and employee links atomically
00:38 +87: D:/YoloList/QingSongBan/test/reminders/reminder_repository_test.dart: editing a series keeps completed history and rebuilds future instances
00:38 +88: loading D:/YoloList/QingSongBan/test/inventory/inventory_pages_test.dart
00:38 +88: D:/YoloList/QingSongBan/test/inventory/inventory_pages_test.dart: home inventory shortcut opens the eight-operation home
00:40 +89: D:/YoloList/QingSongBan/test/inventory/inventory_pages_test.dart: stock list shows status and adjustment action on a narrow screen
00:40 +90: D:/YoloList/QingSongBan/test/inventory/inventory_pages_test.dart: receipt list shows mixed units and detail count on narrow screen
00:40 +91: D:/YoloList/QingSongBan/test/inventory/inventory_pages_test.dart: issue list shows mixed units and detail count on narrow screen
00:40 +92: D:/YoloList/QingSongBan/test/inventory/inventory_pages_test.dart: issue material search waits for detail results and can retry
00:40 +93: D:/YoloList/QingSongBan/test/inventory/inventory_pages_test.dart: draft stocktake shows real differences on a narrow screen
00:40 +94: D:/YoloList/QingSongBan/test/inventory/inventory_pages_test.dart: receipt form validates quantities before submission
00:41 +95: D:/YoloList/QingSongBan/test/inventory/inventory_pages_test.dart: issue form supports empty personnel state and requires a receiver
00:41 +96: D:/YoloList/QingSongBan/test/inventory/inventory_pages_test.dart: employee history exposes six columns in a horizontal mobile table
00:41 +97: loading D:/YoloList/QingSongBan/test/inventory/inventory_repository_test.dart
00:41 +97: D:/YoloList/QingSongBan/test/inventory/inventory_repository_test.dart: validates material basics, rejects duplicate codes, and supports fractional stock
00:42 +98: D:/YoloList/QingSongBan/test/inventory/inventory_repository_test.dart: multi-line receipt and issue failures roll back headers, stock, and ledger
00:42 +99: D:/YoloList/QingSongBan/test/inventory/inventory_repository_test.dart: receives multiple lines atomically and writes snapshot ledger rows
00:42 +100: D:/YoloList/QingSongBan/test/inventory/inventory_repository_test.dart: rejects invalid and overstock issues and permits issue to exactly zero
00:42 +101: D:/YoloList/QingSongBan/test/inventory/inventory_repository_test.dart: preserves material and employee snapshots and exposes employee history
00:42 +102: D:/YoloList/QingSongBan/test/inventory/inventory_repository_test.dart: manual adjustment creates a signed ledger entry and rejects negative stock
00:42 +103: D:/YoloList/QingSongBan/test/inventory/inventory_repository_test.dart: stocktake draft confirmation applies gains and losses through the ledger
00:42 +104: D:/YoloList/QingSongBan/test/inventory/inventory_repository_test.dart: warning boundaries, disabled warning, and zero-stock status are distinct
00:42 +105: D:/YoloList/QingSongBan/test/inventory/inventory_repository_test.dart: warning replenishment deduplicates, linked receipt completes, and delete reverses stock
00:42 +106: D:/YoloList/QingSongBan/test/inventory/inventory_repository_test.dart: deleting issue restores stock and soft-deletes its business record
00:42 +107: D:/YoloList/QingSongBan/test/inventory/inventory_repository_test.dart: warning provider includes enabled low and out-of-stock materials only
00:42 +108: D:/YoloList/QingSongBan/test/inventory/inventory_repository_test.dart: refuses receipt deletion when later issues consumed its stock
00:42 +109: D:/YoloList/QingSongBan/test/inventory/inventory_repository_test.dart: refuses to remove in-use stock and prevents transactions on inactive materials
00:42 +110: D:/YoloList/QingSongBan/test/inventory/inventory_repository_test.dart: exports one six-sheet workbook and identifies a completely empty export
00:42 +111: loading D:/YoloList/QingSongBan/test/home/home_attendance_progress_test.dart
00:43 +111: D:/YoloList/QingSongBan/test/home/home_attendance_progress_test.dart: home attendance counts eligible people and refreshes by half-day
00:43 +112: All tests passed!
